<?xml version="1.0" encoding="UTF-8"?>
<testsuites>
  <testsuite name="/app/phpunit-ci.xml" tests="60" assertions="73" errors="0" failures="0" skipped="0" time="2.190245">
    <testsuite name="Unit" tests="59" assertions="71" errors="0" failures="0" skipped="0" time="2.040666">
      <testsuite name="Tests\Unit\Playground\Auth\Console\Commands\HashPassword\CommandTest" file="/app/tests/Unit/Console/Commands/HashPassword/CommandTest.php" tests="3" assertions="5" errors="0" failures="0" skipped="0" time="0.341980">
        <testcase name="test_command_auth_hash_password_with_json" file="/app/tests/Unit/Console/Commands/HashPassword/CommandTest.php" line="18" class="Tests\Unit\Playground\Auth\Console\Commands\HashPassword\CommandTest" classname="Tests.Unit.Playground.Auth.Console.Commands.HashPassword.CommandTest" assertions="2" time="0.283649"/>
        <testcase name="test_command_auth_hash_password" file="/app/tests/Unit/Console/Commands/HashPassword/CommandTest.php" line="30" class="Tests\Unit\Playground\Auth\Console\Commands\HashPassword\CommandTest" classname="Tests.Unit.Playground.Auth.Console.Commands.HashPassword.CommandTest" assertions="1" time="0.030105"/>
        <testcase name="test_command_auth_hash_password_without_argument_and_fail" file="/app/tests/Unit/Console/Commands/HashPassword/CommandTest.php" line="39" class="Tests\Unit\Playground\Auth\Console\Commands\HashPassword\CommandTest" classname="Tests.Unit.Playground.Auth.Console.Commands.HashPassword.CommandTest" assertions="2" time="0.028226"/>
      </testsuite>
      <testsuite name="Tests\Unit\Playground\Auth\Policies\ModelPolicy\AbstractRoleTest" file="/app/tests/Unit/Policies/ModelPolicy/AbstractRoleTest.php" tests="24" assertions="30" errors="0" failures="0" skipped="0" time="0.831400">
        <testcase name="test_create_without_role" file="/app/tests/Unit/Policies/ModelPolicy/AbstractRoleTest.php" line="33" class="Tests\Unit\Playground\Auth\Policies\ModelPolicy\AbstractRoleTest" classname="Tests.Unit.Playground.Auth.Policies.ModelPolicy.AbstractRoleTest" assertions="1" time="0.109990"/>
        <testcase name="test_create_with_admin" file="/app/tests/Unit/Policies/ModelPolicy/AbstractRoleTest.php" line="45" class="Tests\Unit\Playground\Auth\Policies\ModelPolicy\AbstractRoleTest" classname="Tests.Unit.Playground.Auth.Policies.ModelPolicy.AbstractRoleTest" assertions="1" time="0.029820"/>
        <testcase name="test_delete_without_role" file="/app/tests/Unit/Policies/ModelPolicy/AbstractRoleTest.php" line="64" class="Tests\Unit\Playground\Auth\Policies\ModelPolicy\AbstractRoleTest" classname="Tests.Unit.Playground.Auth.Policies.ModelPolicy.AbstractRoleTest" assertions="1" time="0.030518"/>
        <testcase name="test_delete_with_admin" file="/app/tests/Unit/Policies/ModelPolicy/AbstractRoleTest.php" line="78" class="Tests\Unit\Playground\Auth\Policies\ModelPolicy\AbstractRoleTest" classname="Tests.Unit.Playground.Auth.Policies.ModelPolicy.AbstractRoleTest" assertions="1" time="0.028863"/>
        <testcase name="test_delete_locked_with_admin" file="/app/tests/Unit/Policies/ModelPolicy/AbstractRoleTest.php" line="100" class="Tests\Unit\Playground\Auth\Policies\ModelPolicy\AbstractRoleTest" classname="Tests.Unit.Playground.Auth.Policies.ModelPolicy.AbstractRoleTest" assertions="4" time="0.030129"/>
        <testcase name="test_detail_without_role" file="/app/tests/Unit/Policies/ModelPolicy/AbstractRoleTest.php" line="137" class="Tests\Unit\Playground\Auth\Policies\ModelPolicy\AbstractRoleTest" classname="Tests.Unit.Playground.Auth.Policies.ModelPolicy.AbstractRoleTest" assertions="1" time="0.031088"/>
        <testcase name="test_detail_with_admin" file="/app/tests/Unit/Policies/ModelPolicy/AbstractRoleTest.php" line="151" class="Tests\Unit\Playground\Auth\Policies\ModelPolicy\AbstractRoleTest" classname="Tests.Unit.Playground.Auth.Policies.ModelPolicy.AbstractRoleTest" assertions="1" time="0.029048"/>
        <testcase name="test_edit_without_role" file="/app/tests/Unit/Policies/ModelPolicy/AbstractRoleTest.php" line="173" class="Tests\Unit\Playground\Auth\Policies\ModelPolicy\AbstractRoleTest" classname="Tests.Unit.Playground.Auth.Policies.ModelPolicy.AbstractRoleTest" assertions="1" time="0.029476"/>
        <testcase name="test_edit_with_admin" file="/app/tests/Unit/Policies/ModelPolicy/AbstractRoleTest.php" line="187" class="Tests\Unit\Playground\Auth\Policies\ModelPolicy\AbstractRoleTest" classname="Tests.Unit.Playground.Auth.Policies.ModelPolicy.AbstractRoleTest" assertions="1" time="0.029445"/>
        <testcase name="test_force_delete_without_role" file="/app/tests/Unit/Policies/ModelPolicy/AbstractRoleTest.php" line="209" class="Tests\Unit\Playground\Auth\Policies\ModelPolicy\AbstractRoleTest" classname="Tests.Unit.Playground.Auth.Policies.ModelPolicy.AbstractRoleTest" assertions="1" time="0.031500"/>
        <testcase name="test_force_delete_with_admin" file="/app/tests/Unit/Policies/ModelPolicy/AbstractRoleTest.php" line="223" class="Tests\Unit\Playground\Auth\Policies\ModelPolicy\AbstractRoleTest" classname="Tests.Unit.Playground.Auth.Policies.ModelPolicy.AbstractRoleTest" assertions="1" time="0.041239"/>
        <testcase name="test_lock_without_role" file="/app/tests/Unit/Policies/ModelPolicy/AbstractRoleTest.php" line="245" class="Tests\Unit\Playground\Auth\Policies\ModelPolicy\AbstractRoleTest" classname="Tests.Unit.Playground.Auth.Policies.ModelPolicy.AbstractRoleTest" assertions="1" time="0.030562"/>
        <testcase name="test_lock_with_admin" file="/app/tests/Unit/Policies/ModelPolicy/AbstractRoleTest.php" line="259" class="Tests\Unit\Playground\Auth\Policies\ModelPolicy\AbstractRoleTest" classname="Tests.Unit.Playground.Auth.Policies.ModelPolicy.AbstractRoleTest" assertions="1" time="0.030073"/>
        <testcase name="test_manage_without_role" file="/app/tests/Unit/Policies/ModelPolicy/AbstractRoleTest.php" line="281" class="Tests\Unit\Playground\Auth\Policies\ModelPolicy\AbstractRoleTest" classname="Tests.Unit.Playground.Auth.Policies.ModelPolicy.AbstractRoleTest" assertions="1" time="0.030849"/>
        <testcase name="test_manage_with_admin" file="/app/tests/Unit/Policies/ModelPolicy/AbstractRoleTest.php" line="295" class="Tests\Unit\Playground\Auth\Policies\ModelPolicy\AbstractRoleTest" classname="Tests.Unit.Playground.Auth.Policies.ModelPolicy.AbstractRoleTest" assertions="1" time="0.030603"/>
        <testcase name="test_restore_without_role" file="/app/tests/Unit/Policies/ModelPolicy/AbstractRoleTest.php" line="317" class="Tests\Unit\Playground\Auth\Policies\ModelPolicy\AbstractRoleTest" classname="Tests.Unit.Playground.Auth.Policies.ModelPolicy.AbstractRoleTest" assertions="1" time="0.031295"/>
        <testcase name="test_restore_with_admin" file="/app/tests/Unit/Policies/ModelPolicy/AbstractRoleTest.php" line="331" class="Tests\Unit\Playground\Auth\Policies\ModelPolicy\AbstractRoleTest" classname="Tests.Unit.Playground.Auth.Policies.ModelPolicy.AbstractRoleTest" assertions="1" time="0.031029"/>
        <testcase name="test_store_without_role" file="/app/tests/Unit/Policies/ModelPolicy/AbstractRoleTest.php" line="353" class="Tests\Unit\Playground\Auth\Policies\ModelPolicy\AbstractRoleTest" classname="Tests.Unit.Playground.Auth.Policies.ModelPolicy.AbstractRoleTest" assertions="1" time="0.031865"/>
        <testcase name="test_store_with_admin" file="/app/tests/Unit/Policies/ModelPolicy/AbstractRoleTest.php" line="365" class="Tests\Unit\Playground\Auth\Policies\ModelPolicy\AbstractRoleTest" classname="Tests.Unit.Playground.Auth.Policies.ModelPolicy.AbstractRoleTest" assertions="1" time="0.031639"/>
        <testcase name="test_update_without_role" file="/app/tests/Unit/Policies/ModelPolicy/AbstractRoleTest.php" line="385" class="Tests\Unit\Playground\Auth\Policies\ModelPolicy\AbstractRoleTest" classname="Tests.Unit.Playground.Auth.Policies.ModelPolicy.AbstractRoleTest" assertions="1" time="0.032245"/>
        <testcase name="test_update_with_admin" file="/app/tests/Unit/Policies/ModelPolicy/AbstractRoleTest.php" line="399" class="Tests\Unit\Playground\Auth\Policies\ModelPolicy\AbstractRoleTest" classname="Tests.Unit.Playground.Auth.Policies.ModelPolicy.AbstractRoleTest" assertions="1" time="0.031976"/>
        <testcase name="test_update_locked_with_admin" file="/app/tests/Unit/Policies/ModelPolicy/AbstractRoleTest.php" line="421" class="Tests\Unit\Playground\Auth\Policies\ModelPolicy\AbstractRoleTest" classname="Tests.Unit.Playground.Auth.Policies.ModelPolicy.AbstractRoleTest" assertions="4" time="0.032519"/>
        <testcase name="test_unlock_without_role" file="/app/tests/Unit/Policies/ModelPolicy/AbstractRoleTest.php" line="458" class="Tests\Unit\Playground\Auth\Policies\ModelPolicy\AbstractRoleTest" classname="Tests.Unit.Playground.Auth.Policies.ModelPolicy.AbstractRoleTest" assertions="1" time="0.032852"/>
        <testcase name="test_unlock_with_admin" file="/app/tests/Unit/Policies/ModelPolicy/AbstractRoleTest.php" line="472" class="Tests\Unit\Playground\Auth\Policies\ModelPolicy\AbstractRoleTest" classname="Tests.Unit.Playground.Auth.Policies.ModelPolicy.AbstractRoleTest" assertions="1" time="0.032778"/>
      </testsuite>
      <testsuite name="Tests\Unit\Playground\Auth\Policies\Policy\AbstractTest" file="/app/tests/Unit/Policies/Policy/AbstractTest.php" tests="7" assertions="7" errors="0" failures="0" skipped="0" time="0.195906">
        <testcase name="test_before_with_root" file="/app/tests/Unit/Policies/Policy/AbstractTest.php" line="33" class="Tests\Unit\Playground\Auth\Policies\Policy\AbstractTest" classname="Tests.Unit.Playground.Auth.Policies.Policy.AbstractTest" assertions="1" time="0.027829"/>
        <testcase name="test_before_with_root_as_secondary_fails" file="/app/tests/Unit/Policies/Policy/AbstractTest.php" line="54" class="Tests\Unit\Playground\Auth\Policies\Policy\AbstractTest" classname="Tests.Unit.Playground.Auth.Policies.Policy.AbstractTest" assertions="1" time="0.026718"/>
        <testcase name="test_index_without_role" file="/app/tests/Unit/Policies/Policy/AbstractTest.php" line="78" class="Tests\Unit\Playground\Auth\Policies\Policy\AbstractTest" classname="Tests.Unit.Playground.Auth.Policies.Policy.AbstractTest" assertions="1" time="0.027562"/>
        <testcase name="test_index_with_admin" file="/app/tests/Unit/Policies/Policy/AbstractTest.php" line="90" class="Tests\Unit\Playground\Auth\Policies\Policy\AbstractTest" classname="Tests.Unit.Playground.Auth.Policies.Policy.AbstractTest" assertions="1" time="0.027399"/>
        <testcase name="test_view_without_role" file="/app/tests/Unit/Policies/Policy/AbstractTest.php" line="109" class="Tests\Unit\Playground\Auth\Policies\Policy\AbstractTest" classname="Tests.Unit.Playground.Auth.Policies.Policy.AbstractTest" assertions="1" time="0.029722"/>
        <testcase name="test_view_with_admin" file="/app/tests/Unit/Policies/Policy/AbstractTest.php" line="121" class="Tests\Unit\Playground\Auth\Policies\Policy\AbstractTest" classname="Tests.Unit.Playground.Auth.Policies.Policy.AbstractTest" assertions="1" time="0.028114"/>
        <testcase name="test_view_with_admin_in_roles" file="/app/tests/Unit/Policies/Policy/AbstractTest.php" line="142" class="Tests\Unit\Playground\Auth\Policies\Policy\AbstractTest" classname="Tests.Unit.Playground.Auth.Policies.Policy.AbstractTest" assertions="1" time="0.028563"/>
      </testsuite>
      <testsuite name="Tests\Unit\Playground\Auth\Policies\PolicyTrait\TraitTest" file="/app/tests/Unit/Policies/PolicyTrait/TraitTest.php" tests="11" assertions="15" errors="0" failures="0" skipped="0" time="0.299542">
        <testcase name="test_get_entity" file="/app/tests/Unit/Policies/PolicyTrait/TraitTest.php" line="21" class="Tests\Unit\Playground\Auth\Policies\PolicyTrait\TraitTest" classname="Tests.Unit.Playground.Auth.Policies.PolicyTrait.TraitTest" assertions="1" time="0.023875"/>
        <testcase name="test_get_package" file="/app/tests/Unit/Policies/PolicyTrait/TraitTest.php" line="27" class="Tests\Unit\Playground\Auth\Policies\PolicyTrait\TraitTest" classname="Tests.Unit.Playground.Auth.Policies.PolicyTrait.TraitTest" assertions="1" time="0.023610"/>
        <testcase name="test_has_token" file="/app/tests/Unit/Policies/PolicyTrait/TraitTest.php" line="33" class="Tests\Unit\Playground\Auth\Policies\PolicyTrait\TraitTest" classname="Tests.Unit.Playground.Auth.Policies.PolicyTrait.TraitTest" assertions="1" time="0.024160"/>
        <testcase name="test_get_token" file="/app/tests/Unit/Policies/PolicyTrait/TraitTest.php" line="39" class="Tests\Unit\Playground\Auth\Policies\PolicyTrait\TraitTest" classname="Tests.Unit.Playground.Auth.Policies.PolicyTrait.TraitTest" assertions="1" time="0.024264"/>
        <testcase name="test_set_token" file="/app/tests/Unit/Policies/PolicyTrait/TraitTest.php" line="45" class="Tests\Unit\Playground\Auth\Policies\PolicyTrait\TraitTest" classname="Tests.Unit.Playground.Auth.Policies.PolicyTrait.TraitTest" assertions="1" time="0.024547"/>
        <testcase name="test_verify_does_not_log_when_app_debugging_is_disabled" file="/app/tests/Unit/Policies/PolicyTrait/TraitTest.php" line="51" class="Tests\Unit\Playground\Auth\Policies\PolicyTrait\TraitTest" classname="Tests.Unit.Playground.Auth.Policies.PolicyTrait.TraitTest" assertions="2" time="0.030618"/>
        <testcase name="test_verify_does_not_log_when_auth_debugging_is_disabled" file="/app/tests/Unit/Policies/PolicyTrait/TraitTest.php" line="78" class="Tests\Unit\Playground\Auth\Policies\PolicyTrait\TraitTest" classname="Tests.Unit.Playground.Auth.Policies.PolicyTrait.TraitTest" assertions="2" time="0.028086"/>
        <testcase name="test_verify_logs_with_debugging_enabled" file="/app/tests/Unit/Policies/PolicyTrait/TraitTest.php" line="105" class="Tests\Unit\Playground\Auth\Policies\PolicyTrait\TraitTest" classname="Tests.Unit.Playground.Auth.Policies.PolicyTrait.TraitTest" assertions="3" time="0.031764"/>
        <testcase name="test_verify_privileges" file="/app/tests/Unit/Policies/PolicyTrait/TraitTest.php" line="141" class="Tests\Unit\Playground\Auth\Policies\PolicyTrait\TraitTest" classname="Tests.Unit.Playground.Auth.Policies.PolicyTrait.TraitTest" assertions="1" time="0.029398"/>
        <testcase name="test_verify_roles" file="/app/tests/Unit/Policies/PolicyTrait/TraitTest.php" line="162" class="Tests\Unit\Playground\Auth\Policies\PolicyTrait\TraitTest" classname="Tests.Unit.Playground.Auth.Policies.PolicyTrait.TraitTest" assertions="1" time="0.029720"/>
        <testcase name="test_verify_user" file="/app/tests/Unit/Policies/PolicyTrait/TraitTest.php" line="183" class="Tests\Unit\Playground\Auth\Policies\PolicyTrait\TraitTest" classname="Tests.Unit.Playground.Auth.Policies.PolicyTrait.TraitTest" assertions="1" time="0.029501"/>
      </testsuite>
      <testsuite name="Tests\Unit\Playground\Auth\Policies\PrivilegeTrait\TraitTest" file="/app/tests/Unit/Policies/PrivilegeTrait/TraitTest.php" tests="9" assertions="9" errors="0" failures="0" skipped="0" time="0.238580">
        <testcase name="test_privilege_privilege_policy_without_parameter" file="/app/tests/Unit/Policies/PrivilegeTrait/TraitTest.php" line="24" class="Tests\Unit\Playground\Auth\Policies\PrivilegeTrait\TraitTest" classname="Tests.Unit.Playground.Auth.Policies.PrivilegeTrait.TraitTest" assertions="1" time="0.023978"/>
        <testcase name="test_privilege_privilege_model_policy_without_parameter" file="/app/tests/Unit/Policies/PrivilegeTrait/TraitTest.php" line="33" class="Tests\Unit\Playground\Auth\Policies\PrivilegeTrait\TraitTest" classname="Tests.Unit.Playground.Auth.Policies.PrivilegeTrait.TraitTest" assertions="1" time="0.024383"/>
        <testcase name="test_privilege_user_policy_without_parameter" file="/app/tests/Unit/Policies/PrivilegeTrait/TraitTest.php" line="42" class="Tests\Unit\Playground\Auth\Policies\PrivilegeTrait\TraitTest" classname="Tests.Unit.Playground.Auth.Policies.PrivilegeTrait.TraitTest" assertions="1" time="0.024492"/>
        <testcase name="test_privilege_with_package_and_without_parameter" file="/app/tests/Unit/Policies/PrivilegeTrait/TraitTest.php" line="51" class="Tests\Unit\Playground\Auth\Policies\PrivilegeTrait\TraitTest" classname="Tests.Unit.Playground.Auth.Policies.PrivilegeTrait.TraitTest" assertions="1" time="0.024562"/>
        <testcase name="test_privilege_with_package_and_entity_and_without_parameter" file="/app/tests/Unit/Policies/PrivilegeTrait/TraitTest.php" line="60" class="Tests\Unit\Playground\Auth\Policies\PrivilegeTrait\TraitTest" classname="Tests.Unit.Playground.Auth.Policies.PrivilegeTrait.TraitTest" assertions="1" time="0.024666"/>
        <testcase name="test_has_privilege" file="/app/tests/Unit/Policies/PrivilegeTrait/TraitTest.php" line="69" class="Tests\Unit\Playground\Auth\Policies\PrivilegeTrait\TraitTest" classname="Tests.Unit.Playground.Auth.Policies.PrivilegeTrait.TraitTest" assertions="1" time="0.028741"/>
        <testcase name="test_has_privilege_with_user_has_privilege" file="/app/tests/Unit/Policies/PrivilegeTrait/TraitTest.php" line="88" class="Tests\Unit\Playground\Auth\Policies\PrivilegeTrait\TraitTest" classname="Tests.Unit.Playground.Auth.Policies.PrivilegeTrait.TraitTest" assertions="1" time="0.029818"/>
        <testcase name="test_has_privilege_with_user_privileges" file="/app/tests/Unit/Policies/PrivilegeTrait/TraitTest.php" line="111" class="Tests\Unit\Playground\Auth\Policies\PrivilegeTrait\TraitTest" classname="Tests.Unit.Playground.Auth.Policies.PrivilegeTrait.TraitTest" assertions="1" time="0.028715"/>
        <testcase name="test_has_privilege_without_privileges_enabled" file="/app/tests/Unit/Policies/PrivilegeTrait/TraitTest.php" line="134" class="Tests\Unit\Playground\Auth\Policies\PrivilegeTrait\TraitTest" classname="Tests.Unit.Playground.Auth.Policies.PrivilegeTrait.TraitTest" assertions="1" time="0.029224"/>
      </testsuite>
      <testsuite name="Tests\Unit\Playground\Auth\Policies\RoleTrait\TraitTest" file="/app/tests/Unit/Policies/RoleTrait/TraitTest.php" tests="5" assertions="5" errors="0" failures="0" skipped="0" time="0.133258">
        <testcase name="test_get_roles_for_admin" file="/app/tests/Unit/Policies/RoleTrait/TraitTest.php" line="21" class="Tests\Unit\Playground\Auth\Policies\RoleTrait\TraitTest" classname="Tests.Unit.Playground.Auth.Policies.RoleTrait.TraitTest" assertions="1" time="0.024091"/>
        <testcase name="test_get_roles_for_action" file="/app/tests/Unit/Policies/RoleTrait/TraitTest.php" line="34" class="Tests\Unit\Playground\Auth\Policies\RoleTrait\TraitTest" classname="Tests.Unit.Playground.Auth.Policies.RoleTrait.TraitTest" assertions="1" time="0.024956"/>
        <testcase name="test_get_roles_to_view" file="/app/tests/Unit/Policies/RoleTrait/TraitTest.php" line="47" class="Tests\Unit\Playground\Auth\Policies\RoleTrait\TraitTest" classname="Tests.Unit.Playground.Auth.Policies.RoleTrait.TraitTest" assertions="1" time="0.025113"/>
        <testcase name="test_has_role" file="/app/tests/Unit/Policies/RoleTrait/TraitTest.php" line="60" class="Tests\Unit\Playground\Auth\Policies\RoleTrait\TraitTest" classname="Tests.Unit.Playground.Auth.Policies.RoleTrait.TraitTest" assertions="1" time="0.029558"/>
        <testcase name="test_has_role_advanced_role" file="/app/tests/Unit/Policies/RoleTrait/TraitTest.php" line="76" class="Tests\Unit\Playground\Auth\Policies\RoleTrait\TraitTest" classname="Tests.Unit.Playground.Auth.Policies.RoleTrait.TraitTest" assertions="1" time="0.029542"/>
      </testsuite>
    </testsuite>
    <testsuite name="Feature" tests="1" assertions="2" errors="0" failures="0" skipped="0" time="0.149579">
      <testsuite name="Tests\Feature\Playground\Auth\Console\Commands\About\CommandTest" file="/app/tests/Feature/Console/Commands/About/CommandTest.php" tests="1" assertions="2" errors="0" failures="0" skipped="0" time="0.149579">
        <testcase name="test_command_about_displays_package_information_and_succeed_with_code_0" file="/app/tests/Feature/Console/Commands/About/CommandTest.php" line="24" class="Tests\Feature\Playground\Auth\Console\Commands\About\CommandTest" classname="Tests.Feature.Playground.Auth.Console.Commands.About.CommandTest" assertions="2" time="0.149579"/>
      </testsuite>
    </testsuite>
  </testsuite>
</testsuites>
